1
6
12
18
24
30
36
42
48
54
60
66
72
78
84
90
96
102
108
114
120
126
132
138
144
150
156
162
168
174
180
186
192
198
204
210
216
222
228
234
240
246
253
259
265
271
277
283
289
295
301
307
313
319
325
331
337
343
349
355
361
367
373
379
385
391
397
403
409
415
421
427
433
439
445
451
457
463
469
475
481
487
493
500
506
512
518
524
530
536
542
548
554
560
566
572
578
584
590
596
602
608
614
620
626
632
638
644
650
656
662
668
674
680
686
692
698
704
710
716
722
728
734
740
746
753
759
765
771
777
783
789
795
801
807
813
819
825
831
837
843
849
855
861
867
873
879
885
891
897
903
909
915
921
927
933
939
945
951
957
963
969
975
981
987
993
1000
1006
1012
1018
1024
1030
1036
1042
1048
1054
1060
1066
1072
1078
1084
1090
1096
1102
1108
1114
1120
1126
1132
1138
1144
1150
1156
1162
1168
1174
1180
1186
1192
1198
1204
1210
1216
1222
1228
1234
1240
1246
1253
1259
1265
1271
1277
1283
1289
1295
1301
1307
1313
1319
1325
1331
1337
1343
1349
1355
1361
1367
1373
1379
1385
1391
1397
1403
1409
1415
1421
1427
1433
1439
1445
1451
1457
1463
1469
1475
1481
1487
1493
1500
1506
1512
1518
1524
1530
1536
1542
1548
1554
1560
1566
1572
1578
1584
1590
1596
1602
1608
1614
1620
1626
1632
1638
1644
1650
1656
1662
1668
1674
1680
1686
1692
1698
1704
1710
1716
1722
1728
1734
1740
1746
1753
1759
1765
1771
1777
1783
1789
1795
1801
1807
1813
1819
1825
1831
1837
1843
1849
1855
1861
1867
1873
1879
1885
1891
1897
1903
1909
1915
1921
1927
1933
1939
1945
1951
1957
1963
1969
1975
1981
1987
1993
2000
2006
2012
2018
2024
2030
2036
2042
2048
2054
2060
2066
2072
2078
2084
2090
2096
2102
2108
2114
2120
2126
2132
2138
2144
2150
2156
2162
2168
2174
2180
2186
2192
2198
2204
2210
2216
2222
2228
2234
2240
2246
2253
2259
2265
2271
2277
2283
2289
2295
2301
2307
2313
2319
2325
2331
2337
2343
2349
2355
2361
2367
2373
2379
2385
2391
2397
2403
2409
2415
2421
2427
2433
2439
2445
2451
2457
2463
2469
2475
2481
2487
2493
2500
2506
2512
2518
2524
2530
2536
2542
2548
2554
2560
2566
2572
2578
2584
2590
2596
2602
2608
2614
2620
2626
2632
2638
2644
2650
2656
2662
2668
2674
2680
2686
2692
2698
2704
2710
2716
2722
2728
2734
2740
2746
2753
2759
2765
2771
2777
2783
2789
2795
2801
2807
2813
2819
2825
2831
2837
2843
2849
2855
2861
2867
2873
2879
2885
2891
2897
2903
2909
2915
2921
2927
2933
2939
2945
2951
2957
2963
2969
2975
2981
2987
2993
3000
3006
3012
3018
3024
3030
3036
3042
3048
3054
3060
3066
3072
3078
3084
3090
3096
3102
3108
3114
3120
3126
3132
3138
3144
3150
3156
3162
3168
3174
3180
3186
3192
3198
3204
3210
3216
3222
3228
3234
3240
3246
3253
3259
3265
3271
3277
3283
3289
3295
3301
3307
3313
3319
3325
3331
3337
3343
3349
3355
3361
3367
3373
3379
3385
3391
3397
3403
3409
3415
3421
3427
3433
3439
3445
3451
3457
3463
3469
3475
3481
3487
3493
3500
3506
3512
3518
3524
3530
3536
3542
3548
3554
3560
3566
3572
3578
3584
3590
3596
3602
3608
3614
3620
3626
3632
3638
3644
3650
3656
3662
3668
3674
3680
3686
3692
3698
3704
3710
3716
3722
3728
3734
3740
3746
3753
3759
3765
3771
3777
3783
3789
3795
3801
3807
3813
3819
3825
3831
3837
3843
3849
3855
3861
3867
3873
3879
3885
3891
3897
3903
3909
3915
3921
3927
3933
3939
3945
3951
3957
3963
3969
3975
3981
3987
3993
4000
4006
4012
4018
4024
4030
4036
4042
4048
4054
4060
4066
4072
4078
4084
4090
4096
4102
4108
4114
4120
4126
4132
4138
4144
4150
4156
4162
4168
4174
4180
4186
4192
4198
4204
4210
4216
4222
4228
4234
4240
4246
4253
4259
4265
4271
4277
4283
4289
4295
4301
4307
4313
4319
4325
4331
4337
4343
4349
4355
4361
4367
4373
4379
4385
4391
4397
4403
4409
4415
4421
4427
4433
4439
4445
4451
4457
4463
4469
4475
4481
4487
4493
4500
4506
4512
4518
4524
4530
4536
4542
4548
4554
4560
4566
4572
4578
4584
4590
4596
4602
4608
4614
4620
4626
4632
4638
4644
4650
4656
4662
4668
4674
4680
4686
4692
4698
4704
4710
4716
4722
4728
4734
4740
4746
4753
4759
4765
4771
4777
4783
4789
4795
4801
4807
4813
4819
4825
4831
4837
4843
4849
4855
4861
4867
4873
4879
4885
4891
4897
4903
4909
4915
4921
4927
4933
4939
4945
4951
4957
4963
4969
4975
4981
4987
4993
5000
5006
5012
5018
5024
5030
5036
5042
5048
5054
5060
5066
5072
5078
5084
5090
5096
5102
5108
5114
5120
5126
5132
5138
5144
5150
5156
5162
5168
5174
5180
5186
5192
5198
5204
5210
5216
5222
5228
5234
5240
5246
5253
5259
5265
5271
5277
5283
5289
5295
5301
5307
5313
5319
5325
5331
5337
5343
5349
5355
5361
5367
5373
5379
5385
5391
5397
5403
5409
5415
5421
5427
5433
5439
5445
5451
5457
5463
5469
5475
5481
5487
5493
5500
5506
5512
5518
5524
5530
5536
5542
5548
5554
5560
5566
5572
5578
5584
5590
5596
5602
5608
5614
5620
5626
5632
5638
5644
5650
5656
5662
5668
5674
5680
5686
5692
5698
5704
5710
5716
5722
5728
5734
5740
5746
5753
5759
5765
5771
5777
5783
5789
5795
5801
5807
5813
5819
5825
5831
5837
5843
5849
5855
5861
5867
5873
5879
5885
5891
5897
5903
5909
5915
5921
5927
5933
5939
5945
5951
5957
5963
5969
5975
5981
5987
5993
6000
6006
6012
6018
6024
6030
6036
6042
6048
6054
6060
6066
6072
6078
6084
6090
6096
6102
6108
6114
6120
6126
6132
6138
6144
6150
6156
6162
6168
6174
6180
6186
6192
6198
6204
6210
6216
6222
6228
6234
6240
6246
6253
6259
6265
6271
6277
6283
6289
6295
6301
6307
6313
6319
6325
6331
6337
6343
6349
6355
6361
6367
6373
6379
6385
6391
6397
6403
6409
6415
6421
6427
6433
6439
6445
6451
6457
6463
6469
6475
6481
6487
6493
6500
6506
6512
6518
6524
6530
6536
6542
6548
6554
6560
6566
6572
6578
6584
6590
6596
6602
6608
6614
6620
6626
6632
6638
6644
6650
6656
6662
6668
6674
6680
6686
6692
6698
6704
6710
6716
6722
6728
6734
6740
6746
6753
6759
6765
6771
6777
6783
6789
6795
6801
6807
6813
6819
6825
6831
6837
6843
6849
6855
6861
6867
6873
6879
6885
6891
6897
6903
6909
6915
6921
6927
6933
6939
6945
6951
6957
6963
6969
6975
6981
6987
6993
7000
7006
7012
7018
7024
7030
7036
7042
7048
7054
7060
7066
7072
7078
7084
7090
7096
7102
7108
7114
7120
7126
7132
7138
7144
7150
7156
7162
7168
7174
7180
7186
7192
7198
7204
7210
7216
7222
7228
7234
7240
7246
7253
7259
7265
7271
7277
7283
7289
7295
7301
7307
7313
7319
7325
7331
7337
7343
7349
7355
7361
7367
7373
7379
7385
7391
7397
7403
7409
7415
7421
7427
7433
7439
7445
7451
7457
7463
7469
7475
7481
7487
7493
7500
7506
7512
7518
7524
7530
7536
7542
7548
7554
7560
7566
7572
7578
7584
7590
7596
7602
7608
7614
7620
7626
7632
7638
7644
7650
7656
7662
7668
7674
7680
7686
7692
7698
7704
7710
7716
7722
7728
7734
7740
7746
7753
7759
7765
7771
7777
7783
7789
7795
7801
7807
7813
7819
7825
7831
7837
7843
7849
7855
7861
7867
7873
7879
7885
7891
7897
7903
7909
7915
7921
7927
7933
7939
7945
7951
7957
7963
7969
7975
7981
7987
7993
8000
8006
8012
8018
8024
8030
8036
8042
8048
8054
8060
8066
8072
8078
8084
8090
8096
8102
8108
8114
8120
8126
8132
8138
8144
8150
8156
8162
8168
8174
8180
8186
8192
8198
8204
8210
8216
8222
8228
8234
8240
8246
8253
8259
8265
8271
8277
8283
8289
8295
8301
8307
8313
8319
8325
8331
8337
8343
8349
8355
8361
8367
8373
8379
8385
8391
8397
8403
8409
8415
8421
8427
8433
8439
8445
8451
8457
8463
8469
8475
8481
8487
8493
8500
8506
8512
8518
8524
8530
8536
8542
8548
8554
8560
8566
8572
8578
8584
8590
8596
8602
8608
8614
8620
8626
8632
8638
8644
8650
8656
8662
8668
8674
8680
8686
8692
8698
8704
8710
8716
8722
8728
8734
8740
8746
8753
8759
8765
8771
8777
8783
8789
8795
8801
8807
8813
8819
8825
8831
8837
8843
8849
8855
8861
8867
8873
8879
8885
8891
8897
8903
8909
8915
8921
8927
8933
8939
8945
8951
8957
8963
8969
8975
8981
8987
8993
9000
9006
9012
9018
9024
9030
9036
9042
9048
9054
9060
9066
9072
9078
9084
9090
9096
9102
9108
9114
9120
9126
9132
9138
9144
9150
9156
9162
9168
9174
9180
9186
9192
9198
9204
9210
9216
9222
9228
9234
9240
9246
9253
9259
9265
9271
9277
9283
9289
9295
9301
9307
9313
9319
9325
9331
9337
9343
9349
9355
9361
9367
9373
9379
9385
9391
9397
9403
9409
9415
9421
9427
9433
9439
9445
9451
9457
9463
9469
9475
9481
9487
9493
9500
9506
9512
9518
9524
9530
9536
9542
9548
9554
9560
9566
9572
9578
9584
9590
9596
9602
9608
9614
9620
9626
9632
9638
9644
9650
9656
9662
9668
9674
9680
9686
9692
9698
9704
9710
9716
9722
9728
9734
9740
9746
9753
9759
9765
9771
9777
9783
9789
9795
9801
9807
9813
9819
9825
9831
9837
9843
9849
9855
9861
9867
9873
9879
9885
9891
9897
9903
9909
9915
9921
9927
9933
9939
9945
9951
9957
9963
9969
9975
9981
9987
9993
10000
10006
10012
10018
10024
10030
10036
10042
10048
10054
10060
10066
10072
10078
10084
10090
10096
10102
10108
10114
10120
10126
10132
10138
10144
10150
10156
10162
10168
10174
10180
10186
10192
10198
10204
10210
10216
10222
10228
10234
10240
10246
10253
10259
10265
10271
10277
10283
10289
10295
10301
10307
10313
10319
10325
10331
10337
10343
10349
10355
10361
10367
10373
10379
10385
10391
10397
10403
10409
10415
10421
10427
10433
10439
10445
10451
10457
10463
10469
10475
10481
10487
10493
10500
10506
10512
10518
10524
10530
10536
10542
10548
10554
10560
10566
10572
10578
10584
10590
10596
10602
10608
10614
10620
10626
10632
10638
10644
10650
10656
10662
10668
10674
10680
10686
10692
10698
10704
10710
10716
10722
10728
10734
10740
10746
10753
10759
10765
10771
10777
10783
10789
10795
10801
10807
10813
10819
10825
10831
10837
10843
10849
10855
10861
10867
10873
10879
10885
10891
10897
10903
10909
10915
10921
10927
10933
10939
10945
10951
10957
10963
10969
10975
10981
10987
10993
11000
11006
11012
11018
11024
11030
11036
11042
11048
11054
11060
11066
11072
11078
11084
11090
11096
11102
11108
11114
11120
11126
11132
11138
11144
11150
11156
11162
11168
11174
11180
11186
11192
11198
11204
11210
11216
11222
11228
11234
11240
11246
11253
11259
11265
11271
11277
11283
11289
11295
11301
11307
11313
11319
11325
11331
11337
11343
11349
11355
11361
11367
11373
11379
11385
11391
11397
11403
11409
11415
11421
11427
11433
11439
11445
11451
11457
11463
11469
11475
11481
11487
11493
11500
11506
11512
11518
11524
11530
11536
11542
11548
11554
11560
11566
11572
11578
11584
11590
11596
11602
11608
11614
11620
11626
11632
11638
11644
11650
11656
11662
11668
11674
11680
11686
11692
11698
11704
11710
11716
11722
11728
11734
11740
11746
11753
11759
11765
11771
11777
11783
11789
11795
11801
11807
11813
11819
11825
11831
11837
11843
11849
11855
11861
11867
11873
11879
11885
11891
11897
11903
11909
11915
11921
11927
11933
11939
11945
11951
11957
11963
11969
11975
11981
11987
11993
12000
12006
12012
12018
12024
12030
12036
12042
12048
12054
12060
12066
12072
12078
12084
12090
12096
12102
12108
12114
12120
12126
12132
12138
12144
12150
12156
12162
12168
12174
12180
12186
12192
12198
12204
12210
12216
12222
12228
12234
12240
12246
12253
12259
12265
12271
12277
12283
12289
12295
12301
12307
12313
12319
12325
12331
12337
12343
12349
12355
12361
12367
12373
12379
12385
12391
12397
12403
12409
12415
12421
12427
12433
12439
12445
12451
12457
12463
12469
12475
12481
12487
12493
12500
12506
12512
12518
12524
12530
12536
12542
12548
12554
12560
12566
12572
12578
12584
12590
12596
12602
12608
12614
12620
12626
12632
12638
12644
12650
12656
12662
12668
12674
12680
12686
12692
12698
12704
12710
12716
12722
12728
12734
12740
12746
12753
12759
12765
12771
12777
12783
12789
12795
12801
12807
12813
12819
12825
12831
12837
12843
12849
12855
12861
12867
12873
12879
12885
12891
12897
12903
12909
12915
12921
12927
12933
12939
12945
12951
12957
12963
12969
12975
12981
12987
12993
13000
13006
13012
13018
13024
13030
13036
13042
13048
13054
13060
13066
13072
13078
13084
13090
13096
13102
13108
13114
13120
13126
13132
13138
13144
13150
13156
13162
13168
13174
13180
13186
13192
13198
13204
13210
13216
13222
13228
13234
13240
13246
13253
13259
13265
13271
13277
13283
13289
13295
13301
13307
13313
13319
13325
13331
13337
13343
13349
13355
13361
13367
13373
13379
13385
13391
13397
13403
13409
13415
13421
13427
13433
13439
13445
13451
13457
13463
13469
13475
13481
13487
13493
13500
13506
13512
13518
13524
13530
13536
13542
13548
13554
13560
13566
13572
13578
13584
13590
13596
13602
13608
13614
13620
13626
13632
13638
13644
13650
13656
13662
13668
13674
13680
13686
13692
13698
13704
13710
13716
13722
13728
13734
13740
13746
13753
13759
13765
13771
13777
13783
13789
13795
13801
13807
13813
13819
13825
13831
13837
13843
13849
13855
13861
13867
13873
13879
13885
13891
13897
13903
13909
13915
13921
13927
13933
13939
13945
13951
13957
13963
13969
13975
13981
13987
13993
14000
14006
14012
14018
14024
14030
14036
14042
14048
14054
14060
14066
14072
14078
14084
14090
14096
14102
14108
14114
14120
14126
14132
14138
14144
14150
14156
14162
14168
14174
14180
14186
14192
14198
14204
14210
14216
14222
14228
14234
14240
14246
14253
14259
14265
14271
14277
14283
14289
14295
14301
14307
14313
14319
14325
14331
14337
14343
14349
14355
14361
14367
14373
14379
14385
14391
14397
14403
14409
14415
14421
14427
14433
14439
14445
14451
14457
14463
14469
14475
14481
14487
14493
14500
14506
14512
14518
14524
14530
14536
14542
14548
14554
14560
14566
14572
14578
14584
14590
14596
14602
14608
14614
14620
14626
14632
14638
14644
14650
14656
14662
14668
14674
14680
14686
14692
14698
14704
14710
14716
14722
14728
14734
14740
14746
14753
14759
14765
14771
14777
14783
14789
14795
14801
14807
14813
14819
14825
14831
14837
14843
14849
14855
14861
14867
14873
14879
14885
14891
14897
14903
14909
14915
14921
14927
14933
14939
14945
14951
14957
14963
14969
14975
14981
14987
14993
15000
15006
15012
15018
15024
15030
15036
15042
15048
15054
15060
15066
15072
15078
15084
15090
15096
15102
15108
15114
15120
15126
15132
15138
15144
15150
15156
15162
15168
15174
15180
15186
15192
15198
15204
15210
15216
15222
15228
15234
15240
15246
15253
15259
15265
15271
15277
15283
15289
15295
15301
15307
15313
15319
15325
15331
15337
15343
15349
15355
15361
15367
15373
15379
15385
15391
15397
15403
15409
15415
15421
15427
15433
15439
15445
15451
15457
15463
15469
15475
15481
15487
15493
15500
15506
15512
15518
15524
15530
15536
15542
15548
15554
15560
15566
15572
15578
15584
15590
15596
15602
15608
15614
15620
15626
15632
15638
15644
15650
15656
15662
15668
15674
15680
15686
15692
15698
15704
15710
15716
15722
15728
15734
15740
15746
15753
15759
15765
15771
15777
15783
15789
15795
15801
15807
15813
15819
15825
15831
15837
15843
15849
15855
15861
15867
15873
15879
15885
15891
15897
15903
15909
15915
15921
15927
15933
15939
15945
15951
15957
15963
15969
15975
15981
15987
15993
16000
16006
16012
16018
16024
16030
16036
16042
16048
16054
16060
16066
16072
16078
16084
16090
16096
16102
16108
16114
16120
16126
16132
16138
16144
16150
16156
16162
16168
16174
16180
16186
16192
16198
16204
16210
16216
16222
16228
16234
16240
16246
16253
16259
16265
16271
16277
16283
16289
16295
16301
16307
16313
16319
16325
16331
16337
16343
16349
16355
16361
16367
16373
16379
16385
16391
16397
16403
16409
16415
16421
16427
16433
16439
16445
16451
16457
16463
16469
16475
16481
16487
16493
16500
16506
16512
16518
16524
16530
16536
16542
16548
16554
16560
16566
16572
16578
16584
16590
16596
16602
16608
16614
16620
16626
16632
16638
16644
16650
16656
16662
16668
16674
16680
16686
16692
16698
16704
16710
16716
16722
16728
16734
16740
16746
16753
16759
16765
16771
16777
16783
16789
16795
16801
16807
16813
16819
16825
16831
16837
16843
16849
16855
16861
16867
16873
16879
16885
16891
16897
16903
16909
16915
16921
16927
16933
16939
16945
16951
16957
16963
16969
16975
16981
16987
16993
17000
17006
17012
17018
17024
17030
17036
17042
17048
17054
17060
17066
17072
17078
17084
17090
17096
17102
17108
17114
17120
17126
17132
17138
17144
17150
17156
17162
17168
17174
17180
17186
17192
17198
17204
17210
17216
17222
17228
17234
17240
17246
17253
17259
17265
17271
17277
17283
17289
17295
17301
17307
17313
17319
17325
17331
17337
17343
17349
17355
17361
17367
17373
17379
17385
17391
17397
17403
17409
17415
17421
17427
17433
17439
17445
17451
17457
17463
17469
17475
17481
17487
17493
17500
17506
17512
17518
17524
17530
17536
17542
17548
17554
17560
17566
17572
17578
17584
17590
17596
17602
17608
17614
17620
17626
17632
17638
17644
17650
17656
17662
17668
17674
17680
17686
17692
17698
17704
17710
17716
17722
17728
17734
17740
17746
17753
17759
17765
17771
17777
17783
17789
17795
17801
17807
17813
17819
17825
17831
17837
17843
17849
17855
17861
17867
17873
17879
17885
17891
17897
17903
17909
17915
17921
17927
17933
17939
17945
17951
17957
17963
17969
17975
17981
17987
17993
18000
18006
18012
18018
18024
18030
18036
18042
18048
18054
18060
18066
18072
18078
18084
18090
18096
18102
18108
18114
18120
18126
18132
18138
18144
18150
18156
18162
18168
18174
18180
18186
18192
18198
18204
18210
18216
18222
18228
18234
18240
18246
18253
18259
18265
18271
18277
18283
18289
18295
18301
18307
18313
18319
18325
18331
18337
18343
18349
18355
18361
18367
18373
18379
18385
18391
18397
18403
18409
18415
18421
18427
18433
18439
18445
18451
18457
18463
18469
18475
18481
18487
18493
18500
18506
18512
18518
18524
18530
18536
18542
18548
18554
18560
18566
18572
18578
18584
18590
18596
18602
18608
18614
18620
18626
18632
18638
18644
18650
18656
18662
18668
18674
18680
18686
18692
18698
18704
18710
18716
18722
18728
18734
18740
18746
18753
18759
18765
18771
18777
18783
18789
18795
18801
18807
18813
18819
18825
18831
18837
18843
18849
18855
18861
18867
18873
18879
18885
18891
18897
18903
18909
18915
18921
18927
18933
18939
18945
18951
18957
18963
18969
18975
18981
18987
18993
19000
19006
19012
19018
19024
19030
19036
19042
19048
19054
19060
19066
19072
19078
19084
19090
19096
19102
19108
19114
19120
19126
19132
19138
19144
19150
19156
19162
19168
19174
19180
19186
19192
19198
19204
19210
19216
19222
19228
19234
19240
19246
19253
19259
19265
19271
19277
19283
19289
19295
19301
19307
19313
19319
19325
19331
19337
19343
19349
19355
19361
19367
19373
19379
19385
19391
19397
19403
19409
19415
19421
19427
19433
19439
19445
19451
19457
19463
19469
19475
19481
19487
19493
19500
19506
19512
19518
19524
19530
19536
19542
19548
19554
19560
19566
19572
19578
19584
19590
19596
19602
19608
19614
19620
19626
19632
19638
19644
19650
19656
19662
19668
19674
19680
19686
19692
19698
19704
19710
19716
19722
19728
19734
19740
19746
19753
19759
19765
19771
19777
19783
19789
19795
19801
19807
19813
19819
19825
19831
19837
19843
19849
19855
19861
19867
19873
19879
19885
19891
19897
19903
19909
19915
19921
19927
19933
19939
19945
19951
19957
19963
19969
19975
19981
19987
19993
20000
20006
20012
20018
20024
20030
20036
20042
20048
20054
20060
20066
20072
20078
20084
20090
20096
20102
20108
20114
20120
20126
20132
20138
20144
20150
20156
20162
20168
20174
20180
20186
20192
20198
20204
20210
20216
20222
20228
20234
20240
20246
20253
20259
20265
20271
20277
20283
20289
20295
20301
20307
20313
20319
20325
20331
20337
20343
20349
20355
20361
20367
20373
20379
20385
20391
20397
20403
20409
20415
20421
20427
20433
20439
20445
20451
20457
20463
20469
20475
20481
20487
20493
20500
20506
20512
20518
20524
20530
20536
20542
20548
20554
20560
20566
20572
20578
20584
20590
20596
20602
20608
20614
20620
20626
20632
20638
20644
20650
20656
20662
20668
20674
20680
20686
20692
20698
20704
20710
20716
20722
20728
20734
20740
20746
20753
20759
20765
20771
20777
20783
20789
20795
20801
20807
20813
20819
20825
20831
20837
20843
20849
20855
20861
20867
20873
20879
20885
20891
20897
20903
20909
20915
20921
20927
20933
20939
20945
20951
20957
20963
20969
20975
20981
20987
20993
21000
21006
21012
21018
21024
21030
21036
21042
21048
21054
21060
21066
21072
21078
21084
21090
21096
21102
21108
21114
21120
21126
21132
21138
21144
21150
21156
21162
21168
21174
21180
21186
21192
21198
21204
21210
21216
21222
21228
21234
21240
21246
21253
21259
21265
21271
21277
21283
21289
21295
21301
21307
21313
21319
21325
21331
21337
21343
21349
21355
21361
21367
21373
21379
21385
21391
21397
21403
21409
21415
21421
21427
21433
21439
21445
21451
21457
21463
21469
21475
21481
21487
21493
21500
21506
21512
21518
21524
21530
21536
21542
21548
21554
21560
21566
21572
21578
21584
21590
21596
21602
21608
21614
21620
21626
21632
21638
21644
21650
21656
21662
21668
21674
21680
21686
21692
21698
21704
21710
21716
21722
21728
21734
21740
21746
21753
21759
21765
21771
21777
21783
21789
21795
21801
21807
21813
21819
21825
21831
21837
21843
21849
21855
21861
21867
21873
21879
21885
21891
21897
21903
21909
21915
21921
21927
21933
21939
21945
21951
21957
21963
21969
21975
21981
21987
21993
22000
22006
22012
22018
22024
22030
22036
22042
22048
22054
22060
22066
22072
22078
22084
22090
22096
22102
22108
22114
22120
22126
22132
22138
22144
22150
22156
22162
22168
22174
22180
22186
22192
22198
22204
22210
22216
22222
22228
22234
22240
22246
22253
22259
22265
22271
22277
22283
22289
22295
22301
22307
22313
22319
22325
22331
22337
22343
22349
22355
22361
22367
22373
22379
22385
22391
22397
22403
22409
22415
22421
22427
22433
22439
22445
22451
22457
22463
22469
22475
22481
22487
22493
22500
22506
22512
22518
22524
22530
22536
22542
22548
22554
22560
22566
22572
22578
22584
22590
22596
22602
22608
22614
22620
22626
22632
22638
22644
22650
22656
22662
22668
22674
22680
22686
22692
22698
22704
22710
22716
22722
22728
22734
22740
22746
22753
22759
22765
22771
22777
22783
22789
22795
22801
22807
22813
22819
22825
22831
22837
22843
22849
22855
22861
22867
22873
22879
22885
22891
22897
22903
22909
22915
22921
22927
22933
22939
22945
22951
22957
22963
22969
22975
22981
22987
22993
23000
23006
23012
23018
23024
23030
23036
23042
23048
23054
23060
23066
23072
23078
23084
23090
23096
23102
23108
23114
23120
23126
23132
23138
23144
23150
23156
23162
23168
23174
23180
23186
23192
23198
23204
23210
23216
23222
23228
23234
23240
23246
23253
23259
23265
23271
23277
23283
23289
23295
23301
23307
23313
23319
23325
23331
23337
23343
23349
23355
23361
23367
23373
23379
23385
23391
23397
23403
23409
23415
23421
23427
23433
23439
23445
23451
23457
23463
23469
23475
23481
23487
23493
23500
23506
23512
23518
23524
23530
23536
23542
23548
23554
23560
23566
23572
23578
23584
23590
23596
23602
23608
23614
23620
23626
23632
23638
23644
23650
23656
23662
23668
23674
23680
23686
23692
23698
23704
23710
23716
23722
23728
23734
23740
23746
23753
23759
23765
23771
23777
23783
23789
23795
23801
23807
23813
23819
23825
23831
23837
23843
23849
23855
23861
23867
23873
23879
23885
23891
23897
23903
23909
23915
23921
23927
23933
23939
23945
23951
23957
23963
23969
23975
23981
23987
23993
24000
24006
24012
24018
24024
24030
24036
24042
24048
24054
24060
24066
24072
24078
24084
24090
24096
24102
24108
24114
24120
24126
24132
24138
24144
24150
24156
24162
24168
24174
24180
24186
24192
24198
24204
24210
24216
24222
24228
24234
24240
24246
24253
24259
24265
24271
24277
24283
24289
24295
24301
24307
24313
24319
24325
24331
24337
24343
24349
24355
24361
24367
24373
24379
24385
24391
24397
24403
24409
24415
24421
24427
24433
24439
24445
24451
24457
24463
24469
24475
24481
24487
24493
24500
24506
24512
24518
24524
24530
24536
24542
24548
24554
24560
24566
24572
24578
24584
24590
24596
24602
24608
24614
24620
24626
24632
24638
24644
24650
24656
24662
24668
24674
24680
24686
24692
24698
24704
24710
24716
24722
24728
24734
24740
24746
24753
24759
24765
24771
24777
24783
24789
24795
24801
24807
24813
24819
24825
24831
24837
24843
24849
24855
24861
24867
24873
24879
24885
24891
24897
24903
24909
24915
24921
24927
24933
24939
24945
24951
24957
24963
24969
24975
24981
24987
24993
25000
25006
25012
25018
25024
25030
25036
25042
25048
25054
25060
25066
25072
25078
25084
25090
25096
25102
25108
25114
25120
25126
25132
25138
25144
25150
25156
25162
25168
25174
25180
25186
25192
25198
25204
25210
25216
25222
25228
25234
25240
25246
25253
25259
25265
25271
25277
25283
25289
25295
25301
25307
25313
25319
25325
25331
25337
25343
25349
25355
25361
25367
25373
25379
25385
25391
25397
25403
25409
25415
25421
25427
25433
25439
25445
25451
25457
25463
25469
25475
25481
25487
25493
25500
25506
25512
25518
25524
25530
25536
25542
25548
25554
25560
25566
25572
25578
25584
25590
25596
25602
25608
25614
25620
25626
25632
25638
25644
25650
25656
25662
25668
25674
25680
25686
25692
25698
25704
25710
25716
25722
25728
25734
25740
25746
25753
25759
25765
25771
25777
25783
25789
25795
25801
25807
25813
25819
25825
25831
25837
25843
25849
25855
25861
25867
25873
25879
25885
25891
25897
25903
25909
25915
25921
25927
25933
25939
25945
25951
25957
25963
25969
25975
25981
25987
25993
26000
26006
26012
26018
26024
26030
26036
26042
26048
26054
26060
26066
26072
26078
26084
26090
26096
26102
26108
26114
26120
26126
26132
26138
26144
26150
26156
26162
26168
26174
26180
26186
26192
26198
26204
26210
26216
26222
26228
26234
26240
26246
26253
26259
26265
26271
26277
26283
26289
26295
26301
26307
26313
26319
26325
26331
26337
26343
26349
26355
26361
26367
26373
26379
26385
26391
26397
26403
26409
26415
26421
26427
26433
26439
26445
26451
26457
26463
26469
26475
26481
26487
26493
26500
26506
26512
26518
26524
26530
26536
26542
26548
26554
26560
26566
26572
26578
26584
26590
26596
26602
26608
26614
26620
26626
26632
26638
26644
26650
26656
26662
26668
26674
26680
26686
26692
26698
26704
26710
26716
26722
26728
26734
26740
26746
26753
26759
26765
26771
26777
26783
26789
26795
26801
26807
26813
26819
26825
26831
26837
26843
26849
26855
26861
26867
26873
26879
26885
26891
26897
26903
26909
26915
26921
26927
26933
26939
26945
26951
26957
26963
26969
26975
26981
26987
26993
27000
27006
27012
27018
27024
27030
27036
27042
27048
27054
27060
27066
27072
27078
27084
27090
27096
27102
27108
27114
27120
27126
27132
27138
27144
27150
27156
27162
27168
27174
27180
27186
27192
27198
27204
27210
27216
27222
27228
27234
27240
27246
27253
27259
27265
27271
27277
27283
27289
27295
27301
27307
27313
27319
27325
27331
27337
27343
27349
27355
27361
27367
27373
27379
27385
27391
27397
27403
27409
27415
27421
27427
27433
27439
27445
27451
27457
27463
27469
27475
27481
27487
27493
27500
27506
27512
27518
27524
27530
27536
27542
27548
27554
27560
27566
27572
27578
27584
27590
27596
27602
27608
27614
27620
27626
27632
27638
27644
27650
27656
27662
27668
27674
27680
27686
27692
27698
27704
27710
27716
27722
27728
27734
27740
27746
27753
27759
27765
27771
27777
27783
27789
27795
27801
27807
27813
27819
27825
27831
27837
27843
27849
27855
27861
27867
27873
27879
27885
27891
27897
27903
27909
27915
27921
27927
27933
27939
27945
27951
27957
27963
27969
27975
27981
27987
27993
28000
28006
28012
28018
28024
28030
28036
28042
28048
28054
28060
28066
28072
28078
28084
28090
28096
28102
28108
28114
28120
28126
28132
28138
28144
28150
28156
28162
28168
28174
28180
28186
28192
28198
28204
28210
28216
28222
28228
28234
28240
28246
28253
28259
28265
28271
28277
28283
28289
28295
28301
28307
28313
28319
28325
28331
28337
28343
28349
28355
28361
28367
28373
28379
28385
28391
28397
28403
28409
28415
28421
28427
28433
28439
28445
28451
28457
28463
28469
28475
28481
28487
28493
28500
28506
28512
28518
28524
28530
28536
28542
28548
28554
28560
28566
28572
28578
28584
28590
28596
28602
28608
28614
28620
28626
28632
28638
28644
28650
28656
28662
28668
28674
28680
28686
28692
28698
28704
28710
28716
28722
28728
28734
28740
28746
28753
28759
28765
28771
28777
28783
28789
28795
28801
28807
28813
28819
28825
28831
28837
28843
28849
28855
28861
28867
28873
28879
28885
28891
28897
28903
28909
28915
28921
28927
28933
28939
28945
28951
28957
28963
28969
28975
28981
28987
28993
29000
29006
29012
29018
29024
29030
29036
29042
29048
29054
29060
29066
29072
29078
29084
29090
29096
29102
29108
29114
29120
29126
29132
29138
29144
29150
29156
29162
29168
29174
29180
29186
29192
29198
29204
29210
29216
29222
29228
29234
29240
29246
29253
29259
29265
29271
29277
29283
29289
29295
29301
29307
29313
29319
29325
29331
29337
29343
29349
29355
29361
29367
29373
29379
29385
29391
29397
29403
29409
29415
29421
29427
29433
29439
29445
29451
29457
29463
29469
29475
29481
29487
29493
29500
29506
29512
29518
29524
29530
29536
29542
29548
29554
29560
29566
29572
29578
29584
29590
29596
29602
29608
29614
29620
29626
29632
29638
29644
29650
29656
29662
29668
29674
29680
29686
29692
29698
29704
29710
29716
29722
29728
29734
29740
29746
29753
29759
29765
29771
29777
29783
29789
29795
29801
29807
29813
29819
29825
29831
29837
29843
29849
29855
29861
29867
29873
29879
29885
29891
29897
29903
29909
29915
29921
29927
29933
29939
29945
29951
29957
29963
29969
29975
29981
29987
29993
30000
30006
30012
30018
30024
30030
30036
30042
30048
30054
30060
30066
30072
30078
30084
30090
30096
30102
30108
30114
30120
30126
30132
30138
30144
30150
30156
30162
30168
30174
30180
30186
30192
30198
30204
30210
30216
30222
30228
30234
30240
30246
30253
30259
30265
30271
30277
30283
30289
30295
30301
30307
30313
30319
30325
30331
30337
30343
30349
30355
30361
30367
30373
30379
30385
30391
30397
30403
30409
30415
30421
30427
30433
30439
30445
30451
30457
30463
30469
30475
30481
30487
30493
30500
30506
30512
30518
30524
30530
30536
30542
30548
30554
30560
30566
30572
30578
30584
30590
30596
30602
30608
30614
30620
30626
30632
30638
30644
30650
30656
30662
30668
30674
30680
30686
30692
30698
30704
30710
30716
30722
30728
30734
30740
30746
30753
30759
30765
30771
30777
30783
30789
30795
30801
30807
30813
30819
30825
30831
30837
30843
30849
30855
30861
30867
30873
30879
30885
30891
30897
30903
30909
30915
30921
30927
30933
30939
30945
30951
30957
30963
30969
30975
30981
30987
30993
31000
31006
31012
31018
31024
31030
31036
31042
31048
31054
31060
31066
31072
31078
31084
31090
31096
31102
31108
31114
31120
31126
31132
31138
31144
31150
31156
31162
31168
31174
31180
31186
31192
31198
31204
31210
31216
31222
31228
31234
31240
31246
31253
31259
31265
31271
31277
31283
31289
31295
31301
31307
31313
31319
31325
31331
31337
31343
31349
31355
31361
31367
31373
31379
31385
31391
31397
31403
31409
31415
31421
31427
31433
31439
31445
31451
31457
31463
31469
31475
31481
31487
31493
31500
31506
31512
31518
31524
31530
31536
31542
31548
31554
31560
31566
31572
31578
31584
31590
31596
31602
31608
31614
31620
31626
31632
31638
31644
31650
31656
31662
31668
31674
31680
31686
31692
31698
31704
31710
31716
31722
31728
31734
31740
31746
31753
31759
31765
31771
31777
31783
31789
31795
31801
31807
31813
31819
31825
31831
31837
31843
31849
31855
31861
31867
31873
31879
31885
31891
31897
31903
31909
31915
31921
31927
31933
31939
31945
31951
31957
31963
31969
31975
31981
31987
31993
32000
32006
32012
32018
32024
32030
32036
32042
32048
32054
32060
32066
32072
32078
32084
32090
32096
32102
32108
32114
32120
32126
32132
32138
32144
32150
32156
32162
32168
32174
32180
32186
32192
32198
32204
32210
32216
32222
32228
32234
32240
32246
32253
32259
32265
32271
32277
32283
32289
32295
32301
32307
32313
32319
32325
32331
32337
32343
32349
32355
32361
32367
32373
32379
32385
32391
32397
32403
32409
32415
32421
32427
32433
32439
32445
32451
32457
32463
32469
32475
32481
32487
32493
32500
32506
32512
32518
32524
32530
32536
32542
32548
32554
32560
32566
32572
32578
32584
32590
32596
32602
32608
32614
32620
32626
32632
32638
32644
32650
32656
32662
32668
32674
32680
32686
32692
32698
32704
32710
32716
32722
32728
32734
32740
32746
32753
32759
32765
32771
32777
32783
32789
32795
32801
32807
32813
32819
32825
32831
32837
32843
32849
32855
32861
32867
32873
32879
32885
32891
32897
32903
32909
32915
32921
32927
32933
32939
32945
32951
32957
32963
32969
32975
32981
32987
32993
33000
33006
33012
33018
33024
33030
33036
33042
33048
33054
33060
33066
33072
33078
33084
33090
33096
33102
33108
33114
33120
33126
33132
33138
33144
33150
33156
33162
33168
33174
33180
33186
33192
33198
33204
33210
33216
33222
33228
33234
33240
33246
33253
33259
33265
33271
33277
33283
33289
33295
33301
33307
33313
33319
33325
33331
33337
33343
33349
33355
33361
33367
33373
33379
33385
33391
33397
33403
33409
33415
33421
33427
33433
33439
33445
33451
33457
33463
33469
33475
33481
33487
33493
33500
33506
33512
33518
33524
33530
33536
33542
33548
33554
33560
33566
33572
33578
33584
33590
33596
33602
33608
33614
33620
33626
33632
33638
33644
33650
33656
33662
33668
33674
33680
33686
33692
33698
33704
33710
33716
33722
33728
33734
33740
33746
33753
33759
33765
33771
33777
33783
33789
33795
33801
33807
33813
33819
33825
33831
33837
33843
33849
33855
33861
33867
33873
33879
33885
33891
33897
33903
33909
33915
33921
33927
33933
33939
33945
33951
33957
33963
33969
33975
33981
33987
33993
34000
34006
34012
34018
34024
34030
34036
34042
34048
34054
34060
34066
34072
34078
34084
34090
34096
34102
34108
34114
34120
34126
34132
34138
34144
34150
34156
34162
34168
34174
34180
34186
34192
34198
34204
34210
34216
34222
34228
34234
34240
34246
34253
34259
34265
34271
34277
34283
34289
34295
34301
34307
34313
34319
34325
34331
34337
34343
34349
34355
34361
34367
34373
34379
34385
34391
34397
34403
34409
34415
34421
34427
34433
34439
34445
34451
34457
34463
34469
34475
34481
34487
34493
34500
34506
34512
34518
34524
34530
34536
34542
34548
34554
34560
34566
34572
34578
34584
34590
34596
34602
34608
34614
34620
34626
34632
34638
34644
34650
34656
34662
34668
34674
34680
34686
34692
34698
34704
34710
34716
34722
34728
34734
34740
34746
34753
34759
34765
34771
34777
34783
34789
34795
34801
34807
34813
34819
34825
34831
34837
34843
34849
34855
34861
34867
34873
34879
34885
34891
34897
34903
34909
34915
34921
34927
34933
34939
34945
34951
34957
34963
34969
34975
34981
34987
34993
35000
35006
35012
35018
35024
35030
35036
35042
35048
35054
35060
35066
35072
35078
35084
35090
35096
35102
35108
35114
35120
35126
35132
35138
35144
35150
35156
35162
35168
35174
35180
35186
35192
35198
35204
35210
35216
35222
35228
35234
35240
35246
35253
35259
35265
35271
35277
35283
35289
35295
35301
35307
35313
35319
35325
35331
35337
35343
35349
35355
35361
35367
35373
35379
35385
35391
35397
35403
35409
35415
35421
35427
35433
35439
35445
35451
35457
35463
35469
35475
35481
35487
35493
35500
35506
35512
35518
35524
35530
35536
35542
35548
35554
35560
35566
35572
35578
35584
35590
35596
35602
35608
35614
35620
35626
35632
35638
35644
35650
35656
35662
35668
35674
35680
35686
35692
35698
35704
35710
35716
35722
35728
35734
35740
35746
35753
35759
35765
35771
35777
35783
35789
35795
35801
35807
35813
35819
35825
35831
35837
35843
35849
35855
35861
35867
35873
35879
35885
35891
35897
35903
35909
35915
35921
35927
35933
35939
35945
35951
35957
35963
35969
35975
35981
35987
35993
36000
36006
36012
36018
36024
36030
36036
36042
36048
36054
36060
36066
36072
36078
36084
36090
36096
36102
36108
36114
36120
36126
36132
36138
36144
36150
36156
36162
36168
36174
36180
36186
36192
36198
36204
36210
36216
36222
36228
36234
36240
36246
36253
36259
36265
36271
36277
36283
36289
36295
36301
36307
36313
36319
36325
36331
36337
36343
36349
36355
36361
36367
36373
36379
36385
36391
36397
36403
36409
36415
36421
36427
36433
36439
36445
36451
36457
36463
36469
36475
36481
36487
36493
36500
36506
36512
36518
36524
36530
36536
36542
36548
36554
36560
36566
36572
36578
36584
36590
36596
36602
36608
36614
36620
36626
36632
36638
36644
36650
36656
36662
36668
36674
36680
36686
36692
36698
36704
36710
36716
36722
36728
36734
36740
36746
36753
36759
36765
36771
36777
36783
36789
36795
36801
36807
36813
36819
36825
36831
36837
36843
36849
36855
36861
36867
36873
36879
36885
36891
36897
36903
36909
36915
36921
36927
36933
36939
36945
36951
36957
36963
36969
36975
36981
36987
36993
37000
37006
37012
37018
37024
37030
37036
37042
37048
37054
37060
37066
37072
37078
37084
37090
37096
37102
37108
37114
37120
37126
37132
37138
37144
37150
37156
37162
37168
37174
37180
37186
37192
37198
37204
37210
37216
37222
37228
37234
37240
37246
37253
37259
37265
37271
37277
37283
37289
37295
37301
37307
37313
37319
37325
37331
37337
37343
37349
37355
37361
37367
37373
37379
37385
37391
37397
37403
37409
37415
37421
37427
37433
37439
37445
37451
37457
37463
37469
37475
37481
37487
37493
37500
37506
37512
37518
37524
37530
37536
37542
37548
37554
37560
37566
37572
37578
37584
37590
37596
37602
37608
37614
37620
37626
37632
37638
37644
37650
37656
37662
37668
37674
37680
37686
37692
37698
37704
37710
37716
37722
37728
37734
37740
37746
37753
37759
37765
37771
37777
37783
37789
37795
37801
37807
37813
37819
37825
37831
37837
37843
37849
37855
37861
37867
37873
37879
37885
37891
37897
37903
37909
37915
37921
37927
37933
37939
37945
37951
37957
37963
37969
37975
37981
37987
37993
38000
38006
38012
38018
38024
38030
38036
38042
38048
38054
38060
38066
38072
38078
38084
38090
38096
38102
38108
38114
38120
38126
38132
38138
38144
38150
38156
38162
38168
38174
38180
38186
38192
38198
38204
38210
38216
38222
38228
38234
38240
38246
38253
38259
38265
38271
38277
38283
38289
38295
38301
38307
38313
38319
38325
38331
38337
38343
38349
38355
38361
38367
38373
38379
38385
38391
38397
38403
38409
38415
38421
38427
38433
38439
38445
38451
38457
38463
38469
38475
38481
38487
38493
38500
38506
38512
38518
38524
38530
38536
38542
38548
38554
38560
38566
38572
38578
38584
38590
38596
38602
38608
38614
38620
38626
38632
38638
38644
38650
38656
38662
38668
38674
38680
38686
38692
38698
38704
38710
38716
38722
38728
38734
38740
38746
38753
38759
38765
38771
38777
38783
38789
38795
38801
38807
38813
38819
38825
38831
38837
38843
38849
38855
38861
38867
38873
38879
38885
38891
38897
38903
38909
38915
38921
38927
38933
38939
38945
38951
38957
38963
38969
38975
38981
38987
38993
39000
39006
39012
39018
39024
39030
39036
39042
39048
39054
39060
39066
39072
39078
39084
39090
39096
39102
39108
39114
39120
39126
39132
39138
39144
39150
39156
39162
39168
39174
39180
39186
39192
39198
39204
39210
39216
39222
39228
39234
39240
39246
39253
39259
39265
39271
39277
39283
39289
39295
39301
39307
39313
39319
39325
39331
39337
39343
39349
39355
39361
39367
39373
39379
39385
39391
39397
39403
39409
39415
39421
39427
39433
39439
39445
39451
39457
39463
39469
39475
39481
39487
39493
39500
39506
39512
39518
39524
39530
39536
39542
39548
39554
39560
39566
39572
39578
39584
39590
39596
39602
39608
39614
39620
39626
39632
39638
39644
39650
39656
39662
39668
39674
39680
39686
39692
39698
39704
39710
39716
39722
39728
39734
39740
39746
39753
39759
39765
39771
39777
39783
39789
39795
39801
39807
39813
39819
39825
39831
39837
39843
39849
39855
39861
39867
39873
39879
39885
39891
39897
39903
39909
39915
39921
39927
39933
39939
39945
39951
39957
39963
39969
39975
39981
39987
39993
40000
40006
40012
40018
40024
40030
40036
40042
40048
40054
40060
40066
40072
40078
40084
40090
40096
40102
40108
40114
40120
40126
40132
40138
40144
40150
40156
40162
40168
40174
40180
40186
40192
40198
40204
40210
40216
40222
40228
40234
40240
40246
40253
40259
40265
40271
40277
40283
40289
40295
40301
40307
40313
40319
40325
40331
40337
40343
40349
40355
40361
40367
40373
40379
40385
40391
40397
40403
40409
40415
40421
40427
40433
40439
40445
40451
40457
40463
40469
40475
40481
40487
40493
40500
40506
40512
40518
40524
40530
40536
40542
40548
40554
40560
40566
40572
40578
40584
40590
40596
40602
40608
40614
40620
40626
40632
40638
40644
40650
40656
40662
40668
40674
40680
40686
40692
40698
40704
40710
40716
40722
40728
40734
40740
40746
40753
40759
40765
40771
40777
40783
40789
40795
40801
40807
40813
40819
40825
40831
40837
40843
40849
40855
40861
40867
40873
40879
40885
40891
40897
40903
40909
40915
40921
40927
40933
40939
40945
40951
40957
40963
40969
40975
40981
40987
40993
41000
41006
41012
41018
41024
41030
41036
41042
41048
41054
41060
41066
41072
41078
41084
41090
41096
41102
41108
41114
41120
41126
41132
41138
41144
41150
41156
41162
41168
41174
41180
41186
41192
41198
41204
41210
41216
41222
41228
41234
41240
41246
41253
41259
41265
41271
41277
41283
41289
41295
41301
41307
41313
41319
41325
41331
41337
41343
41349
41355
41361
41367
41373
41379
41385
41391
41397
41403
41409
41415
41421
41427
41433
41439
41445
41451
41457
41463
41469
41475
41481
41487
41493
41500
41506
41512
41518
41524
41530
41536
41542
41548
41554
41560
41566
41572
41578
41584
41590
41596
41602
41608
41614
41620
41626
41632
41638
41644
41650
41656
41662
41668
41674
41680
41686
41692
41698
41704
41710
41716
41722
41728
41734
41740
41746
41753
41759
41765
41771
41777
41783
41789
41795
41801
41807
41813
41819
41825
41831
41837
41843
41849
41855
41861
41867
41873
41879
41885
41891
41897
41903
41909
41915
41921
41927
41933
41939
41945
41951
41957
41963
41969
41975
41981
41987
41993
42000
42006
42012
42018
42024
42030
42036
42042
42048
42054
42060
42066
42072
42078
42084
42090
42096
42102
42108
42114
42120
42126
42132
42138
42144
42150
42156
42162
42168
42174
42180
42186
42192
42198
42204
42210
42216
42222
42228
42234
42240
42246
42253
42259
42265
42271
42277
42283
42289
42295
42301
42307
42313
42319
42325
42331
42337
42343
42349
42355
42361
42367
42373
42379
42385
42391
42397
42403
42409
42415
42421
42427
42433
42439
42445
42451
42457
42463
42469
42475
42481
42487
42493
42500
42506
42512
42518
42524
42530
42536
42542
42548
42554
42560
42566
42572
42578
42584
42590
42596
42602
42608
42614
42620
42626
42632
42638
42644
42650
42656
42662
42668
42674
42680
42686
42692
42698
42704
42710
42716
42722
42728
42734
42740
42746
42753
42759
42765
42771
42777
42783
42789
42795
42801
42807
42813
42819
42825
42831
42837
42843
42849
42855
42861
42867
42873
42879
42885
42891
42897
42903
42909
42915
42921
42927
42933
42939
42945
42951
42957
42963
42969
42975
42981
42987
42993
43000
43006
43012
43018
43024
43030
43036
43042
43048
43054
43060
43066
43072
43078
43084
43090
43096
43102
43108
43114
43120
43126
43132
43138
43144
43150
43156
43162
43168
43174
43180
43186
43192
43198
43204
43210
43216
43222
43228
43234
43240
43246
43253
43259
43265
43271
43277
43283
43289
43295
43301
43307
43313
43319
43325
43331
43337
43343
43349
43355
43361
43367
43373
43379
43385
43391
43397
43403
43409
43415
43421
43427
43433
43439
43445
43451
43457
43463
43469
43475
43481
43487
43493
43500
43506
43512
43518
43524
43530
43536
43542
43548
43554
43560
43566
43572
43578
43584
43590
43596
43602
43608
43614
43620
43626
43632
43638
43644
43650
43656
43662
43668
43674
43680
43686
43692
43698
43704
43710
43716
43722
43728
43734
43740
43746
43753
43759
43765
43771
43777
43783
43789
43795
43801
43807
43813
43819
43825
43831
43837
43843
43849
43855
43861
43867
43873
43879
43885
43891
43897
43903
43909
43915
43921
43927
43933
43939
43945
43951
43957
43963
43969
43975
43981
43987
43993
44000
44006
44012
44018
44024
44030
44036
44042
44048
44054
44060
44066
44072
44078
44084
44090
44096
44102
44108
44114
44120
44126
44132
44138
44144
44150
44156
44162
44168
44174
44180
44186
44192
44198
44204
44210
44216
44222
44228
44234
44240
44246
44253
44259
44265
44271
44277
44283
44289
44295
44301
44307
44313
44319
44325
44331
44337
44343
44349
44355
44361
44367
44373
44379
44385
44391
44397
44403
44409
44415
44421
44427
44433
44439
44445
44451
44457
44463
44469
44475
44481
44487
44493
44500
44506
44512
44518
44524
44530
44536
44542
44548
44554
44560
44566
44572
44578
44584
44590
44596
44602
44608
44614
44620
44626
44632
44638
44644
44650
44656
44662
44668
44674
44680
44686
44692
44698
44704
44710
44716
44722
44728
44734
44740
44746
44753
44759
44765
44771
44777
44783
44789
44795
44801
44807
44813
44819
44825
44831
44837
44843
44849
44855
44861
44867
44873
44879
44885
44891
44897
44903
44909
44915
44921
44927
44933
44939
44945
44951
44957
44963
44969
44975
44981
44987
44993
45000
45006
45012
45018
45024
45030
45036
45042
45048
45054
45060
45066
45072
45078
45084
45090
45096
45102
45108
45114
45120
45126
45132
45138
45144
45150
45156
45162
45168
45174
45180
45186
45192
45198
45204
45210
45216
45222
45228
45234
45240
45246
45253
45259
45265
45271
45277
45283
45289
45295
45301
45307
45313
45319
45325
45331
45337
45343
45349
45355
45361
45367
45373
45379
45385
45391
45397
45403
45409
45415
45421
45427
45433
45439
45445
45451
45457
45463
45469
45475
45481
45487
45493
45500
45506
45512
45518
45524
45530
45536
45542
45548
45554
45560
45566
45572
45578
45584
45590
45596
45602
45608
45614
45620
45626
45632
45638
45644
45650
45656
45662
45668
45674
45680
45686
45692
45698
45704
45710
45716
45722
45728
45734
45740
45746
45753
45759
45765
45771
45777
45783
45789
45795
45801
45807
45813
45819
45825
45831
45837
45843
45849
45855
45861
45867
45873
45879
45885
45891
45897
45903
45909
45915
45921
45927
45933
45939
45945
45951
45957
45963
45969
45975
45981
45987
45993
46000
46006
46012
46018
46024
46030
46036
46042
46048
46054
46060
46066
46072
46078
46084
46090
46096
46102
46108
46114
46120
46126
46132
46138
46144
46150
46156
46162
46168
46174
46180
46186
46192
46198
46204
46210
46216
46222
46228
46234
46240
46246
46253
46259
46265
46271
46277
46283
46289
46295
46301
46307
46313
46319
46325
46331
46337
46343
46349
46355
46361
46367
46373
46379
46385
46391
46397
46403
46409
46415
46421
46427
46433
46439
46445
46451
46457
46463
46469
46475
46481
46487
46493
46500
46506
46512
46518
46524
46530
46536
46542
46548
46554
46560
46566
46572
46578
46584
46590
46596
46602
46608
46614
46620
46626
46632
46638
46644
46650
46656
46662
46668
46674
46680
46686
46692
46698
46704
46710
46716
46722
46728
46734
46740
46746
46753
46759
46765
46771
46777
46783
46789
46795
46801
46807
46813
46819
46825
46831
46837
46843
46849
46855
46861
46867
46873
46879
46885
46891
46897
46903
46909
46915
46921
46927
46933
46939
46945
46951
46957
46963
46969
46975
46981
46987
46993
47000
47006
47012
47018
47024
47030
47036
47042
47048
47054
47060
47066
47072
47078
47084
47090
47096
47102
47108
47114
47120
47126
47132
47138
47144
47150
47156
47162
47168
47174
47180
47186
47192
47198
47204
47210
47216
47222
47228
47234
47240
47246
47253
47259
47265
47271
47277
47283
47289
47295
47301
47307
47313
47319
47325
47331
47337
47343
47349
47355
47361
47367
47373
47379
47385
47391
47397
47403
47409
47415
47421
47427
47433
47439
47445
47451
47457
47463
47469
47475
47481
47487
47493
47500
47506
47512
47518
47524
47530
47536
47542
47548
47554
47560
47566
47572
47578
47584
47590
47596
47602
47608
47614
47620
47626
47632
47638
47644
47650
47656
47662
47668
47674
47680
47686
47692
47698
47704
47710
47716
47722
47728
47734
47740
47746
47753
47759
47765
47771
47777
47783
47789
47795
47801
47807
47813
47819
47825
47831
47837
47843
47849
47855
47861
47867
47873
47879
47885
47891
47897
47903
47909
47915
47921
47927
47933
47939
47945
47951
47957
47963
47969
47975
47981
47987
47993
48000
48006
48012
48018
48024
48030
48036
48042
48048
48054
48060
48066
48072
48078
48084
48090
48096
48102
48108
48114
48120
48126
48132
48138
48144
48150
48156
48162
48168
48174
48180
48186
48192
48198
48204
48210
48216
48222
48228
48234
48240
48246
48253
48259
48265
48271
48277
48283
48289
48295
48301
48307
48313
48319
48325
48331
48337
48343
48349
48355
48361
48367
48373
48379
48385
48391
48397
48403
48409
48415
48421
48427
48433
48439
48445
48451
48457
48463
48469
48475
48481
48487
48493
48500
48506
48512
48518
48524
48530
48536
48542
48548
48554
48560
48566
48572
48578
48584
48590
48596
48602
48608
48614
48620
48626
48632
48638
48644
48650
48656
48662
48668
48674
48680
48686
48692
48698
48704
48710
48716
48722
48728
48734
48740
48746
48753
48759
48765
48771
48777
48783
48789
48795
48801
48807
48813
48819
48825
48831
48837
48843
48849
48855
48861
48867
48873
48879
48885
48891
48897
48903
48909
48915
48921
48927
48933
48939
48945
48951
48957
48963
48969
48975
48981
48987
48993
49000
49006
49012
49018
49024
49030
49036
49042
49048
49054
49060
49066
49072
49078
49084
49090
49096
49102
49108
49114
49120
49126
49132
49138
49144
49150
49156
49162
49168
49174
49180
49186
49192
49198
49204
49210
49216
49222
49228
49234
49240
49246
49253
49259
49265
49271
49277
49283
49289
49295
49301
49307
49313
49319
49325
49331
49337
49343
49349
49355
49361
49367
49373
49379
49385
49391
49397
49403
49409
49415
49421
49427
49433
49439
49445
49451
49457
49463
49469
49475
49481
49487
49493
49500
49506
49512
49518
49524
49530
49536
49542
49548
49554
49560
49566
49572
49578
49584
49590
49596
49602
49608
49614
49620
49626
49632
49638
49644
49650
49656
49662
49668
49674
49680
49686
49692
49698
49704
49710
49716
49722
49728
49734
49740
49746
49753
49759
49765
49771
49777
49783
49789
49795
49801
49807
49813
49819
49825
49831
49837
49843
49849
49855
49861
49867
49873
49879
49885
49891
49897
49903
49909
49915
49921
49927
49933
49939
49945
49951
49957
49963
49969
49975
49981
49987
49993
50000
50006
50012
50018
50024
50030
50036
50042
50048
50054
50060
50066
50072
50078
50084
50090
50096
50102
50108
50114
50120
50126
50132
50138
50144
50150
50156
50162
50168
50174
50180
50186
50192
50198
50204
50210
50216
50222
50228
50234
50240
50246
50253
50259
50265
50271
50277
50283
50289
50295
50301
50307
50313
50319
50325
50331
50337
50343
50349
50355
50361
50367
50373
50379
50385
50391
50397
50403
50409
50415
50421
50427
50433
50439
50445
50451
50457
50463
50469
50475
50481
50487
50493
50500
50506
50512
50518
50524
50530
50536
50542
50548
50554
50560
50566
50572
50578
50584
50590
50596
50602
50608
50614
50620
50626
50632
50638
50644
50650
50656
50662
50668
50674
50680
50686
50692
50698
50704
50710
50716
50722
50728
50734
50740
50746
50753
50759
50765
50771
50777
50783
50789
50795
50801
50807
50813
50819
50825
50831
50837
50843
50849
50855
50861
50867
50873
50879
50885
50891
50897
50903
50909
50915
50921
50927
50933
50939
50945
50951
50957
50963
50969
50975
50981
50987
50993
51000
51006
51012
51018
51024
51030
51036
51042
51048
51054
51060
51066
51072
51078
51084
51090
51096
51102
51108
51114
51120
51126
51132
51138
51144
51150
51156
51162
51168
51174
51180
51186
51192
51198
51204
51210
51216
51222
51228
51234
51240
51246
51253
51259
51265
51271
51277
51283
51289
51295
51301
51307
51313
51319
51325
51331
51337
51343
51349
51355
51361
51367
51373
51379
51385
51391
51397
51403
51409
51415
51421
51427
51433
51439
51445
51451
51457
51463
51469
51475
51481
51487
51493
51500
51506
51512
51518
51524
51530
51536
51542
51548
51554
51560
51566
51572
51578
51584
51590
51596
51602
51608
51614
51620
51626
51632
51638
51644
51650
51656
51662
51668
51674
51680
51686
51692
51698
51704
51710
51716
51722
51728
51734
51740
51746
51753
51759
51765
51771
51777
51783
51789
51795
51801
51807
51813
51819
51825
51831
51837
51843
51849
51855
51861
51867
51873
51879
51885
51891
51897
51903
51909
51915
51921
51927
51933
51939
51945
51951
51957
51963
51969
51975
51981
51987
51993
52000
52006
52012
52018
52024
52030
52036
52042
52048
52054
52060
52066
52072
52078
52084
52090
52096
52102
52108
52114
52120
52126
52132
52138
52144
52150
52156
52162
52168
52174
52180
52186
52192
52198
52204
52210
52216
52222
52228
52234
52240
52246
52253
52259
52265
52271
52277
52283
52289
52295
52301
52307
52313
52319
52325
52331
52337
52343
52349
52355
52361
52367
52373
52379
52385
52391
52397
52403
52409
52415
52421
52427
52433
52439
52445
52451
52457
52463
52469
52475
52481
52487
52493
52500
52506
52512
52518
52524
52530
52536
52542
52548
52554
52560
52566
52572
52578
52584
52590
52596
52602
52608
52614
52620
52626
52632
52638
52644
52650
52656
52662
52668
52674
52680
52686
52692
52698
52704
52710
52716
52722
52728
52734
52740
52746
52753
52759
52765
52771
52777
52783
52789
52795
52801
52807
52813
52819
52825
52831
52837
52843
52849
52855
52861
52867
52873
52879
52885
52891
52897
52903
52909
52915
52921
52927
52933
52939
52945
52951
52957
52963
52969
52975
52981
52987
52993
53000
53006
53012
53018
53024
53030
53036
53042
53048
53054
53060
53066
53072
53078
53084
53090
53096
53102
53108
53114
53120
53126
53132
53138
53144
53150
53156
53162
53168
53174
53180
53186
53192
53198
53204
53210
53216
53222
53228
53234
53240
53246
53253
53259
53265
53271
53277
53283
53289
53295
53301
53307
53313
53319
53325
53331
53337
53343
53349
53355
53361
53367
53373
53379
53385
53391
53397
53403
53409
53415
53421
53427
53433
53439
53445
53451
53457
53463
53469
53475
53481
53487
53493
53500
53506
53512
53518
53524
53530
53536
53542
53548
53554
53560
53566
53572
53578
53584
53590
53596
53602
53608
53614
53620
53626
53632
53638
53644
53650
53656
53662
53668
53674
53680
53686
53692
53698
53704
53710
53716
53722
53728
53734
53740
53746
53753
53759
53765
53771
53777
53783
53789
53795
53801
53807
53813
53819
53825
53831
53837
53843
53849
53855
53861
53867
53873
53879
53885
53891
53897
53903
53909
53915
53921
53927
53933
53939
53945
53951
53957
53963
53969
53975
53981
53987
53993
54000
54006
54012
54018
54024
54030
54036
54042
54048
54054
54060
54066
54072
54078
54084
54090
54096
54102
54108
54114
54120
54126
54132
54138
54144
54150
54156
54162
54168
54174
54180
54186
54192
54198
54204
54210
54216
54222
54228
54234
54240
54246
54253
54259
54265
54271
54277
54283
54289
54295
54301
54307
54313
54319
54325
54331
54337
54343
54349
54355
54361
54367
54373
54379
54385
54391
54397
54403
54409
54415
54421
54427
54433
54439
54445
54451
54457
54463
54469
54475
54481
54487
54493
54500
54506
54512
54518
54524
54530
54536
54542
54548
54554
54560
54566
54572
54578
54584
54590
54596
54602
54608
54614
54620
54626
54632
54638
54644
54650
54656
54662
54668
54674
54680
54686
54692
54698
54704
54710
54716
54722
54728
54734
54740
54746
54753
54759
54765
54771
54777
54783
54789
54795
54801
54807
54813
54819
54825
54831
54837
54843
54849
54855
54861
54867
54873
54879
54885
54891
54897
54903
54909
54915
54921
54927
54933
54939
54945
54951
54957
54963
54969
54975
54981
54987
54993
55000
55006
55012
55018
55024
55030
55036
55042
55048
55054
55060
55066
55072
55078
55084
55090
55096
55102
55108
55114
55120
55126
55132
55138
55144
55150
55156
55162
55168
55174
55180
55186
55192
55198
55204
55210
55216
55222
55228
55234
55240
55246
55253
55259
55265
55271
55277
55283
55289
55295
55301
55307
55313
55319
55325
55331
55337
55343
55349
55355
55361
55367
55373
55379
55385
55391
55397
55403
55409
55415
55421
55427
55433
55439
55445
55451
55457
55463
55469
55475
55481
55487
55493
55500
55506
55512
55518
55524
55530
55536
55542
55548
55554
55560
55566
55572
55578
55584
55590
55596
55602
55608
55614
55620
55626
55632
55638
55644
55650
55656
55662
55668
55674
55680
55686
55692
55698
55704
55710
55716
55722
55728
55734
55740
55746
55753
55759
55765
55771
55777
55783
55789
55795
55801
55807
55813
55819
55825
55831
55837
55843
55849
55855
55861
55867
55873
55879
55885
55891
55897
55903
55909
55915
55921
55927
55933
55939
55945
55951
55957
55963
55969
55975
55981
55987
55993
56000
56006
56012
56018
56024
56030
56036
56042
56048
56054
56060
56066
56072
56078
56084
56090
56096
56102
56108
56114
56120
56126
56132
56138
56144
56150
56156
56162
56168
56174
56180
56186
56192
56198
56204
56210
56216
56222
56228
56234
56240
56246
56253
56259
56265
56271
56277
56283
56289
56295
56301
56307
56313
56319
56325
56331
56337
56343
56349
56355
56361
56367
56373
56379
56385
56391
56397
56403
56409
56415
56421
56427
56433
56439
56445
56451
56457
56463
56469
56475
56481
56487
56493
56500
56506
56512
56518
56524
56530
56536
56542
56548
56554
56560
56566
56572
56578
56584
56590
56596
56602
56608
56614
56620
56626
56632
56638
56644
56650
56656
56662
56668
56674
56680
56686
56692
56698
56704
56710
56716
56722
56728
56734
56740
56746
56753
56759
56765
56771
56777
56783
56789
56795
56801
56807
56813
56819
56825
56831
56837
56843
56849
56855
56861
56867
56873
56879
56885
56891
56897
56903
56909
56915
56921
56927
56933
56939
56945
56951
56957
56963
56969
56975
56981
56987
56993
57000
57006
57012
57018
57024
57030
57036
57042
57048
57054
57060
57066
57072
57078
57084
57090
57096
57102
57108
57114
57120
57126
57132
57138
57144
57150
57156
57162
57168
57174
57180
57186
57192
57198
57204
57210
57216
57222
57228
57234
57240
57246
57253
57259
57265
57271
57277
57283
57289
57295
57301
57307
57313
57319
57325
57331
57337
57343
57349
57355
57361
57367
57373
57379
57385
57391
57397
57403
57409
57415
57421
57427
57433
57439
57445
57451
57457
57463
57469
57475
57481
57487
57493
57500
57506
57512
57518
57524
57530
57536
57542
57548
57554
57560
57566
57572
57578
57584
57590
57596
57602
57608
57614
57620
57626
57632
57638
57644
57650
57656
57662
57668
57674
57680
57686
57692
57698
57704
57710
57716
57722
57728
57734
57740
57746
57753
57759
57765
57771
57777
57783
57789
57795
57801
57807
57813
57819
57825
57831
57837
57843
57849
57855
57861
57867
57873
57879
57885
57891
57897
57903
57909
57915
57921
57927
57933
57939
57945
57951
57957
57963
57969
57975
57981
57987
57993
58000
58006
58012
58018
58024
58030
58036
58042
58048
58054
58060
58066
58072
58078
58084
58090
58096
58102
58108
58114
58120
58126
58132
58138
58144
58150
58156
58162
58168
58174
58180
58186
58192
58198
58204
58210
58216
58222
58228
58234
58240
58246
58253
58259
58265
58271
58277
58283
58289
58295
58301
58307
58313
58319
58325
58331
58337
58343
58349
58355
58361
58367
58373
58379
58385
58391
58397
58403
58409
58415
58421
58427
58433
58439
58445
58451
58457
58463
58469
58475
58481
58487
58493
58500
58506
58512
58518
58524
58530
58536
58542
58548
58554
58560
58566
58572
58578
58584
58590
58596
58602
58608
58614
58620
58626
58632
58638
58644
58650
58656
58662
58668
58674
58680
58686
58692
58698
58704
58710
58716
58722
58728
58734
58740
58746
58753
58759
58765
58771
58777
58783
58789
58795
58801
58807
58813
58819
58825
58831
58837
58843
58849
58855
58861
58867
58873
58879
58885
58891
58897
58903
58909
58915
58921
58927
58933
58939
58945
58951
58957
58963
58969
58975
58981
58987
58993
59000
59006
59012
59018
59024
59030
59036
59042
59048
59054
59060
59066
59072
59078
59084
59090
59096
59102
59108
59114
59120
59126
59132
59138
59144
59150
59156
59162
59168
59174
59180
59186
59192
59198
59204
59210
59216
59222
59228
59234
59240
59246
59253
59259
59265
59271
59277
59283
59289
59295
59301
59307
59313
59319
59325
59331
59337
59343
59349
59355
59361
59367
59373
59379
59385
59391
59397
59403
59409
59415
59421
59427
59433
59439
59445
59451
59457
59463
59469
59475
59481
59487
59493
59500
59506
59512
59518
59524
59530
59536
59542
59548
59554
59560
59566
59572
59578
59584
59590
59596
59602
59608
59614
59620
59626
59632
59638
59644
59650
59656
59662
59668
59674
59680
59686
59692
59698
59704
59710
59716
59722
59728
59734
59740
59746
59753
59759
59765
59771
59777
59783
59789
59795
59801
59807
59813
59819
59825
59831
59837
59843
59849
59855
59861
59867
59873
59879
59885
59891
59897
59903
59909
59915
59921
59927
59933
59939
59945
59951
59957
59963
59969
59975
59981
59987
59993
